Shakes*e S*speare
true
a*baa**ba**aa *ca*b**a*baaa
true
a*baa**ba**aa *ca*b**a*baac
false
bb*aaaaa*ba** *baabb*b*aaaa
false
dnKeeuCCyHOnobnDYMGoXDdNWhTsaoedbPifJ*ki*wWfXjIUwqItTmGqtAItoNWpDeUnNCWgZsKWbuQxKaqemXuFXDylQubuZWhMyDsXvDSwYjui*LviGAEkyQbtR*cELfxiAbbYyJRGtcsoJZppINgJGYeZKGeWLbenBEKaoCgheYwOxLeFZJPGhTFRAjNn* d*eeuCCyHOnobnDYMGoXDdNWhTsaoedbP*ijrwWfXjIUwqItTmGqtAItoNWpDeUnNCWgZs*WbuQxKaqemXuFXDylQubuZWhMyDsXvDSwYjuijkLviGAEkyQbtRUsncELfxiAbbYyJRG*soJZppINgJGYeZKGeWLbenBEKaoCghe*YwOxLeFZJPGhTFRAjNn
true
THAkZYrkUWgcTpZ*SsNQKsEnvdUveZxssEtCEQuoMqToJjMdCatMs*v*GyMlROpiIDUZyJjhwmjxFWpEwDgRLlLsJYebMSkwxEUvoDcLPLIwHY*GvoRhgcfkdsenObSjWGNYRDJAzRzavAGRoZZ*fDXIRlJkufqHDjLMJKEjLAkRRyQqTrUaWRIndSX *THAkZYrkUWgcTpZSsNQKsEnvdUveZxssEtCEQuoMqToJjMdCatMsYa*nBvIFuGyMlROpiIDUZyJjh*FWpEwDgRLlLsJYebMSkw*oDcLPLIwHYbeBGvoRhgcfkdsenObSjWGNYRDJAzRzavAGRoZZvbEfDXIRlJkufqHDjLMJKEjLAkRRyQqTrU*aWRIndSX
true
jEAmXdDUtthXNLbIZFeWdiQPGEvyCEeLI**EyficABUH*YiSZRREvniDexKJSjLXMYfsw*YlbTSZBlYSecorJsWidfALQYzOdrKNrJZRdrQEDoyhPMYAfTiHZIuqGtEkKqYBzxtCOJhRYfZNSYNxRWFrfahlSLvdBTebrXDgGlZEqxRIvGhN*mfhLLSExNHaHLAZI jEAmXdDUtthXNLbIZFeWdiQPGEvyCEeL**BUHYiSZRREvniDexKJSjLXMYfswlaYlbTSZBlYSecorJsWidfALQYzOdrKNrJZ*EDoyhPMYAfTiHZIuqGtEkKqYBzxtC*YfZNSYNxRWFrfahlSLvdBT*ebrXDgGlZEqxRIvGhNcmfhLLSExNHaHLAZI
true
